15:19:24 **** Build of configuration Debug for project CG2028AssignS2AY2021 ****
make all 
Building file: ../src/cr_startup_lpc17.c
Invoking: MCU C Compiler
arm-none-eabi-gcc -DDEBUG -D__CODE_RED -D__REDLIB__ -D__USE_CMSIS=CMSISv1p30_LPC17xx -I"C:\Users\raman\OneDrive - National University of Singapore\Documents\LPCXpresso_6.1.4_194\workspace\Lib_CMSISv1p30_LPC17xx\inc" -O0 -g3 -Wall -c -fmessage-length=0 -fno-builtin -ffunction-sections -Wa,-ahlnds=cr_startup_lpc17.asm -mcpu=cortex-m3 -mthumb -MMD -MP -MF"src/cr_startup_lpc17.d" -MT"src/cr_startup_lpc17.d" -o"src/cr_startup_lpc17.o" "../src/cr_startup_lpc17.c"
Finished building: ../src/cr_startup_lpc17.c
 
Building file: ../src/iir.s
Invoking: MCU Assembler
arm-none-eabi-gcc -c -x assembler-with-cpp -DDEBUG -D__CODE_RED -D__REDLIB__ -g3 -mcpu=cortex-m3 -mthumb -o"src/iir.o" "../src/iir.s"
Finished building: ../src/iir.s
 
Building file: ../src/main.c
Invoking: MCU C Compiler
arm-none-eabi-gcc -DDEBUG -D__CODE_RED -D__REDLIB__ -D__USE_CMSIS=CMSISv1p30_LPC17xx -I"C:\Users\raman\OneDrive - National University of Singapore\Documents\LPCXpresso_6.1.4_194\workspace\Lib_CMSISv1p30_LPC17xx\inc" -O0 -g3 -Wall -c -fmessage-length=0 -fno-builtin -ffunction-sections -Wa,-ahlnds=main.asm -mcpu=cortex-m3 -mthumb -MMD -MP -MF"src/main.d" -MT"src/main.d" -o"src/main.o" "../src/main.c"
Finished building: ../src/main.c
 
Building target: CG2028AssignS2AY2021.axf
Invoking: MCU Linker
arm-none-eabi-gcc -nostdlib -L"C:\Users\raman\OneDrive - National University of Singapore\Documents\LPCXpresso_6.1.4_194\workspace\Lib_CMSISv1p30_LPC17xx\Debug" -Xlinker --gc-sections -Xlinker -Map=CG2028AssignS2AY2021.map -mcpu=cortex-m3 -mthumb -T "CG2028AssignS2AY2021_Debug.ld" -o"CG2028AssignS2AY2021.axf"  ./src/cr_startup_lpc17.o ./src/iir.o ./src/main.o   -lCMSISv1p30_LPC17xx
Finished building target: CG2028AssignS2AY2021.axf
 
make --no-print-directory post-build
Performing post-build steps
arm-none-eabi-size CG2028AssignS2AY2021.axf; # arm-none-eabi-objcopy -O ihex CG2028AssignS2AY2021.axf CG2028AssignS2AY2021.hex ;
   text	   data	    bss	    dec	    hex	filename
  12472	      0	    416	  12888	   3258	CG2028AssignS2AY2021.axf
 

15:19:45 Build Finished (took 21s.436ms)

